Сборка начата 10.10.2025 9:59:28.
Уровень детализации журнала: Normal.     1>Проект "D:\5 СЕМ\ПСП\Lab03\ServerU\ServerU.vcxproj" в узле 3 (целевые объекты Rebuild).
     1>_PrepareForClean:
         Файл "x64\Debug\ServerU.tlog\ServerU.lastbuildstate" удаляется.
       PrepareForBuild:
         Структурированный вывод включен. Форматирование диагностики компилятора будет отражать иерархию ошибок. Подробнее см. https://aka.ms/cpp/structured-output.
       InitializeBuildStatus:
         Создание "x64\Debug\ServerU.tlog\unsuccessfulbuild", так как было задано "AlwaysCreate".
         Обращение к "x64\Debug\ServerU.tlog\unsuccessfulbuild".
       ClCompile:
         C:\Program Files\Microsoft Visual Studio\2022\Community\VC\Tools\MSVC\14.43.34808\bin\HostX64\x64\CL.exe /c /ZI /JMC /nologo /W3 /WX- /diagnostics:column /sdl /Od /D _DEBUG /D _CONSOLE /D _UNICODE /D UNICODE /Gm- /EHsc /RTC1 /MDd /GS /fp:precise /Zc:wchar_t /Zc:forScope /Zc:inline /permissive- /Fo"x64\Debug\\" /Fd"x64\Debug\vc143.pdb" /external:W3 /Gd /TP /FC /errorReport:prompt ServerU.cpp
         ServerU.cpp
       Link:
         C:\Program Files\Microsoft Visual Studio\2022\Community\VC\Tools\MSVC\14.43.34808\bin\HostX64\x64\link.exe /ERRORREPORT:PROMPT /OUT:"D:\5 СЕМ\ПСП\Lab03\x64\Debug\ServerU.exe" /INCREMENTAL /ILK:"x64\Debug\ServerU.ilk" /NOLOGO kernel32.lib user32.lib gdi32.lib winspool.lib comdlg32.lib advapi32.lib shell32.lib ole32.lib oleaut32.lib uuid.lib odbc32.lib odbccp32.lib /MANIFEST /MANIFESTUAC:"level='asInvoker' uiAccess='false'" /manifest:embed /DEBUG /PDB:"D:\5 СЕМ\ПСП\Lab03\x64\Debug\ServerU.pdb" /SUBSYSTEM:CONSOLE /TLBID:1 /DYNAMICBASE /NXCOMPAT /IMPLIB:"D:\5 СЕМ\ПСП\Lab03\x64\Debug\ServerU.lib" /MACHINE:X64 x64\Debug\ServerU.obj
         ServerU.vcxproj -> D:\5 СЕМ\ПСП\Lab03\x64\Debug\ServerU.exe
       FinalizeBuildStatus:
         Файл "x64\Debug\ServerU.tlog\unsuccessfulbuild" удаляется.
         Обращение к "x64\Debug\ServerU.tlog\ServerU.lastbuildstate".
     1>Сборка проекта "D:\5 СЕМ\ПСП\Lab03\ServerU\ServerU.vcxproj" завершена (целевые объекты Rebuild).

Сборка успешно завершена.
    Предупреждений: 0
    Ошибок: 0

Прошло времени 00:00:01.36
