c:\general\belstu\3k1s\psp3-1\lab2\lab2\clientt\x64\debug\vc143.pdb
c:\general\belstu\3k1s\psp3-1\lab2\lab2\clientt\x64\debug\vc143.idb
c:\general\belstu\3k1s\psp3-1\lab2\lab2\clientt\x64\debug\errorhandler.obj
c:\general\belstu\3k1s\psp3-1\lab2\lab2\clientt\x64\debug\clientt.obj
c:\general\belstu\3k1s\psp3-1\lab2\lab2\x64\debug\clientt.exe
c:\general\belstu\3k1s\psp3-1\lab2\lab2\x64\debug\clientt.pdb
c:\general\belstu\3k1s\psp3-1\lab2\lab2\clientt\x64\debug\clientt.ilk
d:\5 сем\псп\lab2\lab2\clientt\x64\debug\clientt.obj
d:\5 сем\псп\lab2\lab2\clientt\x64\debug\errorhandler.obj
d:\5 сем\псп\lab2\lab2\clientt\x64\debug\clientt.ilk
d:\5 сем\псп\lab2\lab2\clientt\x64\debug\vc143.idb
d:\5 сем\псп\lab2\lab2\clientt\x64\debug\vc143.pdb
d:\5 сем\псп\lab2\lab2\x64\debug\clientt.pdb
d:\5 сем\псп\lab2\lab2\x64\debug\clientt.exe
d:\5 сем\псп\lab2\lab2\clientt\x64\debug\clientt.tlog\cl.command.1.tlog
d:\5 сем\псп\lab2\lab2\clientt\x64\debug\clientt.tlog\cl.items.tlog
d:\5 сем\псп\lab2\lab2\clientt\x64\debug\clientt.tlog\cl.read.1.tlog
d:\5 сем\псп\lab2\lab2\clientt\x64\debug\clientt.tlog\cl.write.1.tlog
d:\5 сем\псп\lab2\lab2\clientt\x64\debug\clientt.tlog\link.command.1.tlog
d:\5 сем\псп\lab2\lab2\clientt\x64\debug\clientt.tlog\link.read.1.tlog
d:\5 сем\псп\lab2\lab2\clientt\x64\debug\clientt.tlog\link.secondary.1.tlog
d:\5 сем\псп\lab2\lab2\clientt\x64\debug\clientt.tlog\link.write.1.tlog
