d:\5 сем\псп\4\lab4\lab4\x64\debug\vc143.pdb
d:\5 сем\псп\4\lab4\lab4\x64\debug\vc143.idb
d:\5 сем\псп\4\lab4\lab4\x64\debug\errors.obj
d:\5 сем\псп\4\lab4\lab4\x64\debug\clientb.obj
d:\5 сем\псп\4\lab4\lab4\x64\debug\clientb.ilk
d:\5 сем\псп\4\lab4\x64\debug\clientb.pdb
d:\5 сем\псп\4\lab4\lab4\x64\debug\clientb.tlog\cl.command.1.tlog
d:\5 сем\псп\4\lab4\lab4\x64\debug\clientb.tlog\cl.items.tlog
d:\5 сем\псп\4\lab4\lab4\x64\debug\clientb.tlog\cl.read.1.tlog
d:\5 сем\псп\4\lab4\lab4\x64\debug\clientb.tlog\cl.write.1.tlog
d:\5 сем\псп\4\lab4\lab4\x64\debug\clientb.tlog\link.9488-cvtres.read.1.tlog
d:\5 сем\псп\4\lab4\lab4\x64\debug\clientb.tlog\link.9488-cvtres.write.1.tlog
d:\5 сем\псп\4\lab4\lab4\x64\debug\clientb.tlog\link.9488-rc.read.1.tlog
d:\5 сем\псп\4\lab4\lab4\x64\debug\clientb.tlog\link.9488-rc.write.1.tlog
d:\5 сем\псп\4\lab4\lab4\x64\debug\clientb.tlog\link.9488.read.1.tlog
d:\5 сем\псп\4\lab4\lab4\x64\debug\clientb.tlog\link.9488.read.2.tlog
d:\5 сем\псп\4\lab4\lab4\x64\debug\clientb.tlog\link.9488.read.3.tlog
d:\5 сем\псп\4\lab4\lab4\x64\debug\clientb.tlog\link.9488.read.4.tlog
d:\5 сем\псп\4\lab4\lab4\x64\debug\clientb.tlog\link.9488.write.1.tlog
d:\5 сем\псп\4\lab4\lab4\x64\debug\clientb.tlog\link.command.1.tlog
d:\5 сем\псп\4\lab4\lab4\x64\debug\clientb.tlog\link.read.1.tlog
d:\5 сем\псп\4\lab4\lab4\x64\debug\clientb.tlog\link.secondary.1.tlog
d:\5 сем\псп\4\lab4\lab4\x64\debug\clientb.tlog\link.write.1.tlog
