c:\general\belstu\3k1s\psp3-1\lab2\lab2\servert\x64\debug\vc143.pdb
c:\general\belstu\3k1s\psp3-1\lab2\lab2\servert\x64\debug\vc143.idb
c:\general\belstu\3k1s\psp3-1\lab2\lab2\servert\x64\debug\errorhandler.obj
c:\general\belstu\3k1s\psp3-1\lab2\lab2\servert\x64\debug\servert.obj
c:\general\belstu\3k1s\psp3-1\lab2\lab2\x64\debug\servert.exe
c:\general\belstu\3k1s\psp3-1\lab2\lab2\x64\debug\servert.pdb
c:\general\belstu\3k1s\psp3-1\lab2\lab2\servert\x64\debug\servert.ilk
d:\5 сем\псп\lab2\lab2\servert\x64\debug\errorhandler.obj
d:\5 сем\псп\lab2\lab2\servert\x64\debug\servert.obj
d:\5 сем\псп\lab2\lab2\servert\x64\debug\servert.ilk
d:\5 сем\псп\lab2\lab2\servert\x64\debug\vc143.idb
d:\5 сем\псп\lab2\lab2\servert\x64\debug\vc143.pdb
d:\5 сем\псп\lab2\lab2\x64\debug\servert.pdb
d:\5 сем\псп\lab2\lab2\x64\debug\servert.exe
d:\5 сем\псп\lab2\lab2\servert\x64\debug\servert.tlog\cl.command.1.tlog
d:\5 сем\псп\lab2\lab2\servert\x64\debug\servert.tlog\cl.items.tlog
d:\5 сем\псп\lab2\lab2\servert\x64\debug\servert.tlog\cl.read.1.tlog
d:\5 сем\псп\lab2\lab2\servert\x64\debug\servert.tlog\cl.write.1.tlog
d:\5 сем\псп\lab2\lab2\servert\x64\debug\servert.tlog\link.command.1.tlog
d:\5 сем\псп\lab2\lab2\servert\x64\debug\servert.tlog\link.read.1.tlog
d:\5 сем\псп\lab2\lab2\servert\x64\debug\servert.tlog\link.secondary.1.tlog
d:\5 сем\псп\lab2\lab2\servert\x64\debug\servert.tlog\link.write.1.tlog
